/* Inserting the new record which arise duplicate value for primary key. */
mysql> INSERT INTO `DEPARTMENT`(`Dname`, `Dnumber`, `Manager_ssn`, `Manager_start_date`) VALUES ('Services', 1, '123456789', STR_TO_DATE('11-AUG-2012', '%d-%b-%Y'));
ERROR 1062 (23000): Duplicate entry '1' for key 'PRIMARY'

/* Inserting the new record which arise duplicate value for primary key. */
mysql> INSERT INTO `DEPARTMENT`(`Dname`, `Dnumber`, `Manager_ssn`, `Manager_start_date`) VALUES ('Purchasing', 3, '990110110', STR_TO_DATE('02-FEB-2013', '%d-%b-%Y'));
ERROR 1062 (23000): Duplicate entry '3' for key 'PRIMARY'

/* Inserting the new record. Successfully inserted. */
mysql> INSERT INTO `DEPARTMENT`(`Dname`, `Dnumber`, `Manager_ssn`, `Manager_start_date`) VALUES ('Customers', 12, '333445555', STR_TO_DATE('14-JAN-2013', '%d-%b-%Y'));
Query OK, 1 row affected (0.05 sec)

/* Updated successfully. */
mysql> UPDATE DEPT_LOCATIONS SET Dnumber=9 WHERE Dlocation='Seattle';
Query OK, 1 row affected (0.06 sec)
Rows matched: 1  Changed: 1  Warnings: 0

/* No update is done as the SSN is not exists. */
mysql> UPDATE EMPLOYEE SET Salary=55000 WHERE SSN='444444444';
Query OK, 0 rows affected (0.01 sec)
Rows matched: 0  Changed: 0  Warnings: 0

/* Inserting the new record which arise duplicate value for primary key. */
mysql> INSERT INTO `EMPLOYEE` (Fname, Minit, Lname, SSN, Birth_date, Address, Sex, Salary, Supervisor, Department) VALUES ('Jane', 'B', 'Smith', '666666606', STR_TO_DATE('01-MAR-1980', '%d-%b-%Y'), '3556 W Second Street,Miami,FL', 'F', 85000, '666666603', 5);
ERROR 1062 (23000): Duplicate entry '666666606' for key 'PRIMARY'

/* No update is done as the SSN is not exists. */
mysql> UPDATE WORKS_ON SET Hours=25 WHERE Pno=1 AND Essn='666884444';
Query OK, 0 rows affected (0.00 sec)
Rows matched: 0  Changed: 0  Warnings: 0

/* Failed to delete due to referential integrity constraints. */
mysql> DELETE FROM EMPLOYEE WHERE SSN='432765098';
ERROR 1451 (23000): Cannot delete or update a parent row: a foreign key constraint fails (`db-project-1`.`WORKS_ON`, CONSTRAINT `WORKS_ON_ibfk_1` FOREIGN KEY (`Essn`) REFERENCES `EMPLOYEE` (`SSN`))

/* Failed to delete due to referential integrity constraints. */
mysql> DELETE FROM DEPARTMENT WHERE Dnumber=9;
ERROR 1451 (23000): Cannot delete or update a parent row: a foreign key constraint fails (`db-project-1`.`DEPT_LOCATIONS`, CONSTRAINT `DEPT_LOCATIONS_ibfk_1` FOREIGN KEY (`Dnumber`) REFERENCES `DEPARTMENT` (`Dnumber`))

/* Successfully deleted. */
mysql> DELETE FROM DEPENDENT WHERE Essn='666666608';
Query OK, 3 rows affected (0.05 sec)

